Archive member included to satisfy reference by file (symbol)

/usr/lib/gcc/arm-none-eabi/4.9.2/armv6-m/libgcc.a(_udivsi3.o)
                              /tmp/ccfKLCKz.o (__aeabi_uidiv)
/usr/lib/gcc/arm-none-eabi/4.9.2/armv6-m/libgcc.a(_dvmd_tls.o)
                              /usr/lib/gcc/arm-none-eabi/4.9.2/armv6-m/libgcc.a(_udivsi3.o) (__aeabi_idiv0)
/usr/lib/gcc/arm-none-eabi/4.9.2/../../../../arm-none-eabi/lib/armv6-m/libg.a(lib_a-atexit.o)
                              /usr/lib/gcc/arm-none-eabi/4.9.2/../../../../arm-none-eabi/lib/armv6-m/crt0.o (atexit)
/usr/lib/gcc/arm-none-eabi/4.9.2/../../../../arm-none-eabi/lib/armv6-m/libg.a(lib_a-exit.o)
                              /usr/lib/gcc/arm-none-eabi/4.9.2/../../../../arm-none-eabi/lib/armv6-m/crt0.o (exit)
/usr/lib/gcc/arm-none-eabi/4.9.2/../../../../arm-none-eabi/lib/armv6-m/libg.a(lib_a-fini.o)
                              /usr/lib/gcc/arm-none-eabi/4.9.2/../../../../arm-none-eabi/lib/armv6-m/crt0.o (__libc_fini_array)
/usr/lib/gcc/arm-none-eabi/4.9.2/../../../../arm-none-eabi/lib/armv6-m/libg.a(lib_a-impure.o)
                              /usr/lib/gcc/arm-none-eabi/4.9.2/../../../../arm-none-eabi/lib/armv6-m/libg.a(lib_a-exit.o) (_global_impure_ptr)
/usr/lib/gcc/arm-none-eabi/4.9.2/../../../../arm-none-eabi/lib/armv6-m/libg.a(lib_a-init.o)
                              /usr/lib/gcc/arm-none-eabi/4.9.2/../../../../arm-none-eabi/lib/armv6-m/crt0.o (__libc_init_array)
/usr/lib/gcc/arm-none-eabi/4.9.2/../../../../arm-none-eabi/lib/armv6-m/libg.a(lib_a-memset.o)
                              /usr/lib/gcc/arm-none-eabi/4.9.2/../../../../arm-none-eabi/lib/armv6-m/crt0.o (memset)
/usr/lib/gcc/arm-none-eabi/4.9.2/../../../../arm-none-eabi/lib/armv6-m/libg.a(lib_a-__atexit.o)
                              /usr/lib/gcc/arm-none-eabi/4.9.2/../../../../arm-none-eabi/lib/armv6-m/libg.a(lib_a-atexit.o) (__register_exitproc)
/usr/lib/gcc/arm-none-eabi/4.9.2/../../../../arm-none-eabi/lib/armv6-m/libg.a(lib_a-__call_atexit.o)
                              /usr/lib/gcc/arm-none-eabi/4.9.2/../../../../arm-none-eabi/lib/armv6-m/libg.a(lib_a-exit.o) (__call_exitprocs)

Discarded input sections

 .text          0x0000000000000000        0x0 /usr/lib/gcc/arm-none-eabi/4.9.2/armv6-m/crti.o
 .data          0x0000000000000000        0x0 /usr/lib/gcc/arm-none-eabi/4.9.2/armv6-m/crti.o
 .bss           0x0000000000000000        0x0 /usr/lib/gcc/arm-none-eabi/4.9.2/armv6-m/crti.o
 .text          0x0000000000000000       0x60 /usr/lib/gcc/arm-none-eabi/4.9.2/armv6-m/crtbegin.o
 .data          0x0000000000000000        0x4 /usr/lib/gcc/arm-none-eabi/4.9.2/armv6-m/crtbegin.o
 .bss           0x0000000000000000       0x1c /usr/lib/gcc/arm-none-eabi/4.9.2/armv6-m/crtbegin.o
 .init_array    0x0000000000000000        0x4 /usr/lib/gcc/arm-none-eabi/4.9.2/armv6-m/crtbegin.o
 .fini_array    0x0000000000000000        0x4 /usr/lib/gcc/arm-none-eabi/4.9.2/armv6-m/crtbegin.o
 .eh_frame      0x0000000000000000        0x0 /usr/lib/gcc/arm-none-eabi/4.9.2/armv6-m/crtbegin.o
 .jcr           0x0000000000000000        0x0 /usr/lib/gcc/arm-none-eabi/4.9.2/armv6-m/crtbegin.o
 .comment       0x0000000000000000       0x22 /usr/lib/gcc/arm-none-eabi/4.9.2/armv6-m/crtbegin.o
 .ARM.attributes
                0x0000000000000000       0x2c /usr/lib/gcc/arm-none-eabi/4.9.2/armv6-m/crtbegin.o
 .text          0x0000000000000000       0x6c /usr/lib/gcc/arm-none-eabi/4.9.2/../../../../arm-none-eabi/lib/armv6-m/crt0.o
 .data          0x0000000000000000        0x0 /usr/lib/gcc/arm-none-eabi/4.9.2/../../../../arm-none-eabi/lib/armv6-m/crt0.o
 .bss           0x0000000000000000        0x0 /usr/lib/gcc/arm-none-eabi/4.9.2/../../../../arm-none-eabi/lib/armv6-m/crt0.o
 .ARM.extab     0x0000000000000000        0x0 /usr/lib/gcc/arm-none-eabi/4.9.2/../../../../arm-none-eabi/lib/armv6-m/crt0.o
 .ARM.exidx     0x0000000000000000        0x8 /usr/lib/gcc/arm-none-eabi/4.9.2/../../../../arm-none-eabi/lib/armv6-m/crt0.o
 .ARM.attributes
                0x0000000000000000       0x1b /usr/lib/gcc/arm-none-eabi/4.9.2/../../../../arm-none-eabi/lib/armv6-m/crt0.o
 .debug_line    0x0000000000000000       0x7f /usr/lib/gcc/arm-none-eabi/4.9.2/../../../../arm-none-eabi/lib/armv6-m/crt0.o
 .debug_info    0x0000000000000000       0x93 /usr/lib/gcc/arm-none-eabi/4.9.2/../../../../arm-none-eabi/lib/armv6-m/crt0.o
 .debug_abbrev  0x0000000000000000       0x14 /usr/lib/gcc/arm-none-eabi/4.9.2/../../../../arm-none-eabi/lib/armv6-m/crt0.o
 .debug_aranges
                0x0000000000000000       0x20 /usr/lib/gcc/arm-none-eabi/4.9.2/../../../../arm-none-eabi/lib/armv6-m/crt0.o
 .text          0x0000000000000000        0x0 /tmp/ccfKLCKz.o
 .data          0x0000000000000000        0x0 /tmp/ccfKLCKz.o
 .bss           0x0000000000000000        0x0 /tmp/ccfKLCKz.o
 .text          0x0000000000000000        0x0 /tmp/ccsZ5Hv7.o
 .data          0x0000000000000000        0x0 /tmp/ccsZ5Hv7.o
 .bss           0x0000000000000000        0x0 /tmp/ccsZ5Hv7.o
 .text.SystemCoreClockUpdate
                0x0000000000000000       0x64 /tmp/ccsZ5Hv7.o
 .data.AHBPrescTable
                0x0000000000000000       0x10 /tmp/ccsZ5Hv7.o
 .text          0x0000000000000000       0x14 /tmp/ccSmFBiF.o
 .data          0x0000000000000000        0x0 /tmp/ccSmFBiF.o
 .bss           0x0000000000000000        0x0 /tmp/ccSmFBiF.o
 .data          0x0000000000000000        0x0 /usr/lib/gcc/arm-none-eabi/4.9.2/armv6-m/libgcc.a(_udivsi3.o)
 .bss           0x0000000000000000        0x0 /usr/lib/gcc/arm-none-eabi/4.9.2/armv6-m/libgcc.a(_udivsi3.o)
 .data          0x0000000000000000        0x0 /usr/lib/gcc/arm-none-eabi/4.9.2/armv6-m/libgcc.a(_dvmd_tls.o)
 .bss           0x0000000000000000        0x0 /usr/lib/gcc/arm-none-eabi/4.9.2/armv6-m/libgcc.a(_dvmd_tls.o)
 .text          0x0000000000000000       0x10 /usr/lib/gcc/arm-none-eabi/4.9.2/../../../../arm-none-eabi/lib/armv6-m/libg.a(lib_a-atexit.o)
 .data          0x0000000000000000        0x0 /usr/lib/gcc/arm-none-eabi/4.9.2/../../../../arm-none-eabi/lib/armv6-m/libg.a(lib_a-atexit.o)
 .bss           0x0000000000000000        0x0 /usr/lib/gcc/arm-none-eabi/4.9.2/../../../../arm-none-eabi/lib/armv6-m/libg.a(lib_a-atexit.o)
 .debug_info    0x0000000000000000      0x10a /usr/lib/gcc/arm-none-eabi/4.9.2/../../../../arm-none-eabi/lib/armv6-m/libg.a(lib_a-atexit.o)
 .debug_abbrev  0x0000000000000000       0xb5 /usr/lib/gcc/arm-none-eabi/4.9.2/../../../../arm-none-eabi/lib/armv6-m/libg.a(lib_a-atexit.o)
 .debug_loc     0x0000000000000000       0x2c /usr/lib/gcc/arm-none-eabi/4.9.2/../../../../arm-none-eabi/lib/armv6-m/libg.a(lib_a-atexit.o)
 .debug_aranges
                0x0000000000000000       0x20 /usr/lib/gcc/arm-none-eabi/4.9.2/../../../../arm-none-eabi/lib/armv6-m/libg.a(lib_a-atexit.o)
 .debug_line    0x0000000000000000       0xb0 /usr/lib/gcc/arm-none-eabi/4.9.2/../../../../arm-none-eabi/lib/armv6-m/libg.a(lib_a-atexit.o)
 .debug_str     0x0000000000000000      0x1a8 /usr/lib/gcc/arm-none-eabi/4.9.2/../../../../arm-none-eabi/lib/armv6-m/libg.a(lib_a-atexit.o)
 .comment       0x0000000000000000       0x22 /usr/lib/gcc/arm-none-eabi/4.9.2/../../../../arm-none-eabi/lib/armv6-m/libg.a(lib_a-atexit.o)
 .ARM.attributes
                0x0000000000000000       0x2c /usr/lib/gcc/arm-none-eabi/4.9.2/../../../../arm-none-eabi/lib/armv6-m/libg.a(lib_a-atexit.o)
 .debug_frame   0x0000000000000000       0x28 /usr/lib/gcc/arm-none-eabi/4.9.2/../../../../arm-none-eabi/lib/armv6-m/libg.a(lib_a-atexit.o)
 .text          0x0000000000000000       0x20 /usr/lib/gcc/arm-none-eabi/4.9.2/../../../../arm-none-eabi/lib/armv6-m/libg.a(lib_a-exit.o)
 .data          0x0000000000000000        0x0 /usr/lib/gcc/arm-none-eabi/4.9.2/../../../../arm-none-eabi/lib/armv6-m/libg.a(lib_a-exit.o)
 .bss           0x0000000000000000        0x0 /usr/lib/gcc/arm-none-eabi/4.9.2/../../../../arm-none-eabi/lib/armv6-m/libg.a(lib_a-exit.o)
 .debug_info    0x0000000000000000      0x8e4 /usr/lib/gcc/arm-none-eabi/4.9.2/../../../../arm-none-eabi/lib/armv6-m/libg.a(lib_a-exit.o)
 .debug_abbrev  0x0000000000000000      0x1e6 /usr/lib/gcc/arm-none-eabi/4.9.2/../../../../arm-none-eabi/lib/armv6-m/libg.a(lib_a-exit.o)
 .debug_loc     0x0000000000000000       0x1e /usr/lib/gcc/arm-none-eabi/4.9.2/../../../../arm-none-eabi/lib/armv6-m/libg.a(lib_a-exit.o)
 .debug_aranges
                0x0000000000000000       0x20 /usr/lib/gcc/arm-none-eabi/4.9.2/../../../../arm-none-eabi/lib/armv6-m/libg.a(lib_a-exit.o)
 .debug_line    0x0000000000000000      0x152 /usr/lib/gcc/arm-none-eabi/4.9.2/../../../../arm-none-eabi/lib/armv6-m/libg.a(lib_a-exit.o)
 .debug_str     0x0000000000000000      0x545 /usr/lib/gcc/arm-none-eabi/4.9.2/../../../../arm-none-eabi/lib/armv6-m/libg.a(lib_a-exit.o)
 .comment       0x0000000000000000       0x22 /usr/lib/gcc/arm-none-eabi/4.9.2/../../../../arm-none-eabi/lib/armv6-m/libg.a(lib_a-exit.o)
 .ARM.attributes
                0x0000000000000000       0x2c /usr/lib/gcc/arm-none-eabi/4.9.2/../../../../arm-none-eabi/lib/armv6-m/libg.a(lib_a-exit.o)
 .debug_frame   0x0000000000000000       0x28 /usr/lib/gcc/arm-none-eabi/4.9.2/../../../../arm-none-eabi/lib/armv6-m/libg.a(lib_a-exit.o)
 .text          0x0000000000000000       0x34 /usr/lib/gcc/arm-none-eabi/4.9.2/../../../../arm-none-eabi/lib/armv6-m/libg.a(lib_a-fini.o)
 .data          0x0000000000000000        0x0 /usr/lib/gcc/arm-none-eabi/4.9.2/../../../../arm-none-eabi/lib/armv6-m/libg.a(lib_a-fini.o)
 .bss           0x0000000000000000        0x0 /usr/lib/gcc/arm-none-eabi/4.9.2/../../../../arm-none-eabi/lib/armv6-m/libg.a(lib_a-fini.o)
 .debug_info    0x0000000000000000       0xef /usr/lib/gcc/arm-none-eabi/4.9.2/../../../../arm-none-eabi/lib/armv6-m/libg.a(lib_a-fini.o)
 .debug_abbrev  0x0000000000000000       0xba /usr/lib/gcc/arm-none-eabi/4.9.2/../../../../arm-none-eabi/lib/armv6-m/libg.a(lib_a-fini.o)
 .debug_loc     0x0000000000000000       0x3e /usr/lib/gcc/arm-none-eabi/4.9.2/../../../../arm-none-eabi/lib/armv6-m/libg.a(lib_a-fini.o)
 .debug_aranges
                0x0000000000000000       0x20 /usr/lib/gcc/arm-none-eabi/4.9.2/../../../../arm-none-eabi/lib/armv6-m/libg.a(lib_a-fini.o)
 .debug_line    0x0000000000000000       0x9b /usr/lib/gcc/arm-none-eabi/4.9.2/../../../../arm-none-eabi/lib/armv6-m/libg.a(lib_a-fini.o)
 .debug_str     0x0000000000000000      0x1a0 /usr/lib/gcc/arm-none-eabi/4.9.2/../../../../arm-none-eabi/lib/armv6-m/libg.a(lib_a-fini.o)
 .comment       0x0000000000000000       0x22 /usr/lib/gcc/arm-none-eabi/4.9.2/../../../../arm-none-eabi/lib/armv6-m/libg.a(lib_a-fini.o)
 .ARM.attributes
                0x0000000000000000       0x2c /usr/lib/gcc/arm-none-eabi/4.9.2/../../../../arm-none-eabi/lib/armv6-m/libg.a(lib_a-fini.o)
 .debug_frame   0x0000000000000000       0x2c /usr/lib/gcc/arm-none-eabi/4.9.2/../../../../arm-none-eabi/lib/armv6-m/libg.a(lib_a-fini.o)
 .text          0x0000000000000000        0x0 /usr/lib/gcc/arm-none-eabi/4.9.2/../../../../arm-none-eabi/lib/armv6-m/libg.a(lib_a-impure.o)
 .data          0x0000000000000000      0x430 /usr/lib/gcc/arm-none-eabi/4.9.2/../../../../arm-none-eabi/lib/armv6-m/libg.a(lib_a-impure.o)
 .bss           0x0000000000000000        0x0 /usr/lib/gcc/arm-none-eabi/4.9.2/../../../../arm-none-eabi/lib/armv6-m/libg.a(lib_a-impure.o)
 .rodata        0x0000000000000000        0x4 /usr/lib/gcc/arm-none-eabi/4.9.2/../../../../arm-none-eabi/lib/armv6-m/libg.a(lib_a-impure.o)
 .rodata.str1.4
                0x0000000000000000        0x4 /usr/lib/gcc/arm-none-eabi/4.9.2/../../../../arm-none-eabi/lib/armv6-m/libg.a(lib_a-impure.o)
 .debug_info    0x0000000000000000      0x894 /usr/lib/gcc/arm-none-eabi/4.9.2/../../../../arm-none-eabi/lib/armv6-m/libg.a(lib_a-impure.o)
 .debug_abbrev  0x0000000000000000      0x180 /usr/lib/gcc/arm-none-eabi/4.9.2/../../../../arm-none-eabi/lib/armv6-m/libg.a(lib_a-impure.o)
 .debug_aranges
                0x0000000000000000       0x18 /usr/lib/gcc/arm-none-eabi/4.9.2/../../../../arm-none-eabi/lib/armv6-m/libg.a(lib_a-impure.o)
 .debug_line    0x0000000000000000       0xdf /usr/lib/gcc/arm-none-eabi/4.9.2/../../../../arm-none-eabi/lib/armv6-m/libg.a(lib_a-impure.o)
 .debug_str     0x0000000000000000      0x53c /usr/lib/gcc/arm-none-eabi/4.9.2/../../../../arm-none-eabi/lib/armv6-m/libg.a(lib_a-impure.o)
 .comment       0x0000000000000000       0x22 /usr/lib/gcc/arm-none-eabi/4.9.2/../../../../arm-none-eabi/lib/armv6-m/libg.a(lib_a-impure.o)
 .ARM.attributes
                0x0000000000000000       0x2c /usr/lib/gcc/arm-none-eabi/4.9.2/../../../../arm-none-eabi/lib/armv6-m/libg.a(lib_a-impure.o)
 .data          0x0000000000000000        0x0 /usr/lib/gcc/arm-none-eabi/4.9.2/../../../../arm-none-eabi/lib/armv6-m/libg.a(lib_a-init.o)
 .bss           0x0000000000000000        0x0 /usr/lib/gcc/arm-none-eabi/4.9.2/../../../../arm-none-eabi/lib/armv6-m/libg.a(lib_a-init.o)
 .text          0x0000000000000000       0x90 /usr/lib/gcc/arm-none-eabi/4.9.2/../../../../arm-none-eabi/lib/armv6-m/libg.a(lib_a-memset.o)
 .data          0x0000000000000000        0x0 /usr/lib/gcc/arm-none-eabi/4.9.2/../../../../arm-none-eabi/lib/armv6-m/libg.a(lib_a-memset.o)
 .bss           0x0000000000000000        0x0 /usr/lib/gcc/arm-none-eabi/4.9.2/../../../../arm-none-eabi/lib/armv6-m/libg.a(lib_a-memset.o)
 .debug_info    0x0000000000000000      0x117 /usr/lib/gcc/arm-none-eabi/4.9.2/../../../../arm-none-eabi/lib/armv6-m/libg.a(lib_a-memset.o)
 .debug_abbrev  0x0000000000000000       0x9f /usr/lib/gcc/arm-none-eabi/4.9.2/../../../../arm-none-eabi/lib/armv6-m/libg.a(lib_a-memset.o)
 .debug_loc     0x0000000000000000      0x1e3 /usr/lib/gcc/arm-none-eabi/4.9.2/../../../../arm-none-eabi/lib/armv6-m/libg.a(lib_a-memset.o)
 .debug_aranges
                0x0000000000000000       0x20 /usr/lib/gcc/arm-none-eabi/4.9.2/../../../../arm-none-eabi/lib/armv6-m/libg.a(lib_a-memset.o)
 .debug_line    0x0000000000000000      0x100 /usr/lib/gcc/arm-none-eabi/4.9.2/../../../../arm-none-eabi/lib/armv6-m/libg.a(lib_a-memset.o)
 .debug_str     0x0000000000000000      0x17f /usr/lib/gcc/arm-none-eabi/4.9.2/../../../../arm-none-eabi/lib/armv6-m/libg.a(lib_a-memset.o)
 .comment       0x0000000000000000       0x22 /usr/lib/gcc/arm-none-eabi/4.9.2/../../../../arm-none-eabi/lib/armv6-m/libg.a(lib_a-memset.o)
 .ARM.attributes
                0x0000000000000000       0x2c /usr/lib/gcc/arm-none-eabi/4.9.2/../../../../arm-none-eabi/lib/armv6-m/libg.a(lib_a-memset.o)
 .debug_frame   0x0000000000000000       0x2c /usr/lib/gcc/arm-none-eabi/4.9.2/../../../../arm-none-eabi/lib/armv6-m/libg.a(lib_a-memset.o)
 .text          0x0000000000000000       0xc0 /usr/lib/gcc/arm-none-eabi/4.9.2/../../../../arm-none-eabi/lib/armv6-m/libg.a(lib_a-__atexit.o)
 .data          0x0000000000000000        0x0 /usr/lib/gcc/arm-none-eabi/4.9.2/../../../../arm-none-eabi/lib/armv6-m/libg.a(lib_a-__atexit.o)
 .bss           0x0000000000000000        0x0 /usr/lib/gcc/arm-none-eabi/4.9.2/../../../../arm-none-eabi/lib/armv6-m/libg.a(lib_a-__atexit.o)
 .debug_info    0x0000000000000000      0x934 /usr/lib/gcc/arm-none-eabi/4.9.2/../../../../arm-none-eabi/lib/armv6-m/libg.a(lib_a-__atexit.o)
 .debug_abbrev  0x0000000000000000      0x20f /usr/lib/gcc/arm-none-eabi/4.9.2/../../../../arm-none-eabi/lib/armv6-m/libg.a(lib_a-__atexit.o)
 .debug_loc     0x0000000000000000      0x198 /usr/lib/gcc/arm-none-eabi/4.9.2/../../../../arm-none-eabi/lib/armv6-m/libg.a(lib_a-__atexit.o)
 .debug_aranges
                0x0000000000000000       0x20 /usr/lib/gcc/arm-none-eabi/4.9.2/../../../../arm-none-eabi/lib/armv6-m/libg.a(lib_a-__atexit.o)
 .debug_line    0x0000000000000000      0x16e /usr/lib/gcc/arm-none-eabi/4.9.2/../../../../arm-none-eabi/lib/armv6-m/libg.a(lib_a-__atexit.o)
 .debug_str     0x0000000000000000      0x584 /usr/lib/gcc/arm-none-eabi/4.9.2/../../../../arm-none-eabi/lib/armv6-m/libg.a(lib_a-__atexit.o)
 .comment       0x0000000000000000       0x22 /usr/lib/gcc/arm-none-eabi/4.9.2/../../../../arm-none-eabi/lib/armv6-m/libg.a(lib_a-__atexit.o)
 .ARM.attributes
                0x0000000000000000       0x2c /usr/lib/gcc/arm-none-eabi/4.9.2/../../../../arm-none-eabi/lib/armv6-m/libg.a(lib_a-__atexit.o)
 .debug_frame   0x0000000000000000       0x38 /usr/lib/gcc/arm-none-eabi/4.9.2/../../../../arm-none-eabi/lib/armv6-m/libg.a(lib_a-__atexit.o)
 .text          0x0000000000000000      0x10c /usr/lib/gcc/arm-none-eabi/4.9.2/../../../../arm-none-eabi/lib/armv6-m/libg.a(lib_a-__call_atexit.o)
 .data          0x0000000000000000        0x0 /usr/lib/gcc/arm-none-eabi/4.9.2/../../../../arm-none-eabi/lib/armv6-m/libg.a(lib_a-__call_atexit.o)
 .bss           0x0000000000000000        0x0 /usr/lib/gcc/arm-none-eabi/4.9.2/../../../../arm-none-eabi/lib/armv6-m/libg.a(lib_a-__call_atexit.o)
 .debug_info    0x0000000000000000      0x95a /usr/lib/gcc/arm-none-eabi/4.9.2/../../../../arm-none-eabi/lib/armv6-m/libg.a(lib_a-__call_atexit.o)
 .debug_abbrev  0x0000000000000000      0x21f /usr/lib/gcc/arm-none-eabi/4.9.2/../../../../arm-none-eabi/lib/armv6-m/libg.a(lib_a-__call_atexit.o)
 .debug_loc     0x0000000000000000      0x1d2 /usr/lib/gcc/arm-none-eabi/4.9.2/../../../../arm-none-eabi/lib/armv6-m/libg.a(lib_a-__call_atexit.o)
 .debug_aranges
                0x0000000000000000       0x20 /usr/lib/gcc/arm-none-eabi/4.9.2/../../../../arm-none-eabi/lib/armv6-m/libg.a(lib_a-__call_atexit.o)
 .debug_ranges  0x0000000000000000       0x28 /usr/lib/gcc/arm-none-eabi/4.9.2/../../../../arm-none-eabi/lib/armv6-m/libg.a(lib_a-__call_atexit.o)
 .debug_line    0x0000000000000000      0x1a0 /usr/lib/gcc/arm-none-eabi/4.9.2/../../../../arm-none-eabi/lib/armv6-m/libg.a(lib_a-__call_atexit.o)
 .debug_str     0x0000000000000000      0x569 /usr/lib/gcc/arm-none-eabi/4.9.2/../../../../arm-none-eabi/lib/armv6-m/libg.a(lib_a-__call_atexit.o)
 .comment       0x0000000000000000       0x22 /usr/lib/gcc/arm-none-eabi/4.9.2/../../../../arm-none-eabi/lib/armv6-m/libg.a(lib_a-__call_atexit.o)
 .ARM.attributes
                0x0000000000000000       0x2c /usr/lib/gcc/arm-none-eabi/4.9.2/../../../../arm-none-eabi/lib/armv6-m/libg.a(lib_a-__call_atexit.o)
 .debug_frame   0x0000000000000000       0x3c /usr/lib/gcc/arm-none-eabi/4.9.2/../../../../arm-none-eabi/lib/armv6-m/libg.a(lib_a-__call_atexit.o)
 .text          0x0000000000000000        0x0 /usr/lib/gcc/arm-none-eabi/4.9.2/armv6-m/crtend.o
 .data          0x0000000000000000        0x0 /usr/lib/gcc/arm-none-eabi/4.9.2/armv6-m/crtend.o
 .bss           0x0000000000000000        0x0 /usr/lib/gcc/arm-none-eabi/4.9.2/armv6-m/crtend.o
 .eh_frame      0x0000000000000000        0x4 /usr/lib/gcc/arm-none-eabi/4.9.2/armv6-m/crtend.o
 .jcr           0x0000000000000000        0x4 /usr/lib/gcc/arm-none-eabi/4.9.2/armv6-m/crtend.o
 .comment       0x0000000000000000       0x22 /usr/lib/gcc/arm-none-eabi/4.9.2/armv6-m/crtend.o
 .ARM.attributes
                0x0000000000000000       0x2c /usr/lib/gcc/arm-none-eabi/4.9.2/armv6-m/crtend.o
 .text          0x0000000000000000        0x0 /usr/lib/gcc/arm-none-eabi/4.9.2/armv6-m/crtn.o
 .data          0x0000000000000000        0x0 /usr/lib/gcc/arm-none-eabi/4.9.2/armv6-m/crtn.o
 .bss           0x0000000000000000        0x0 /usr/lib/gcc/arm-none-eabi/4.9.2/armv6-m/crtn.o

Memory Configuration

Name             Origin             Length             Attributes
FLASH            0x0000000008000000 0x0000000000008000 xr
RAM              0x0000000020000000 0x0000000000001000 xrw
*default*        0x0000000000000000 0xffffffffffffffff

Linker script and memory map

LOAD /usr/lib/gcc/arm-none-eabi/4.9.2/armv6-m/crti.o
LOAD /usr/lib/gcc/arm-none-eabi/4.9.2/armv6-m/crtbegin.o
LOAD /usr/lib/gcc/arm-none-eabi/4.9.2/../../../../arm-none-eabi/lib/armv6-m/crt0.o
LOAD /tmp/ccfKLCKz.o
LOAD /tmp/ccsZ5Hv7.o
LOAD /tmp/ccSmFBiF.o
LOAD Libraries/libstm32f0.a
START GROUP
LOAD /usr/lib/gcc/arm-none-eabi/4.9.2/armv6-m/libgcc.a
LOAD /usr/lib/gcc/arm-none-eabi/4.9.2/../../../../arm-none-eabi/lib/armv6-m/libg.a
LOAD /usr/lib/gcc/arm-none-eabi/4.9.2/../../../../arm-none-eabi/lib/armv6-m/libc.a
END GROUP
LOAD /usr/lib/gcc/arm-none-eabi/4.9.2/armv6-m/crtend.o
LOAD /usr/lib/gcc/arm-none-eabi/4.9.2/armv6-m/crtn.o
                0x0000000020001000                _estack = 0x20001000

.isr_vector     0x0000000008000000       0xc4
                0x0000000008000000                . = ALIGN (0x4)
 *(.isr_vector)
 .isr_vector    0x0000000008000000       0xc4 /tmp/ccSmFBiF.o
                0x0000000008000000                g_pfnVectors
                0x00000000080000c4                . = ALIGN (0x4)

.text           0x00000000080000c4      0x2c4
                0x00000000080000c4                . = ALIGN (0x4)
 *(.text)
 .text          0x00000000080000c4       0x9c /usr/lib/gcc/arm-none-eabi/4.9.2/armv6-m/libgcc.a(_udivsi3.o)
                0x00000000080000c4                __udivsi3
                0x00000000080000c4                __aeabi_uidiv
                0x000000000800014c                __aeabi_uidivmod
 .text          0x0000000008000160        0x4 /usr/lib/gcc/arm-none-eabi/4.9.2/armv6-m/libgcc.a(_dvmd_tls.o)
                0x0000000008000160                __aeabi_ldiv0
                0x0000000008000160                __aeabi_idiv0
 .text          0x0000000008000164       0x48 /usr/lib/gcc/arm-none-eabi/4.9.2/../../../../arm-none-eabi/lib/armv6-m/libg.a(lib_a-init.o)
                0x0000000008000164                __libc_init_array
 *(.text.*)
 .text.SysTick_Handler
                0x00000000080001ac       0x44 /tmp/ccfKLCKz.o
                0x00000000080001ac                SysTick_Handler
 .text.startup.main
                0x00000000080001f0       0x74 /tmp/ccfKLCKz.o
                0x00000000080001f0                main
 .text.SystemInit
                0x0000000008000264       0xb8 /tmp/ccsZ5Hv7.o
                0x0000000008000264                SystemInit
 .text.Reset_Handler
                0x000000000800031c       0x50 /tmp/ccSmFBiF.o
                0x000000000800031c                Reset_Handler
 .text.Default_Handler
                0x000000000800036c        0x2 /tmp/ccSmFBiF.o
                0x000000000800036c                TIM1_CC_IRQHandler
                0x000000000800036c                HardFault_Handler
                0x000000000800036c                ADC1_COMP_IRQHandler
                0x000000000800036c                PVD_IRQHandler
                0x000000000800036c                PendSV_Handler
                0x000000000800036c                NMI_Handler
                0x000000000800036c                I2C1_IRQHandler
                0x000000000800036c                SPI1_IRQHandler
                0x000000000800036c                TIM6_DAC_IRQHandler
                0x000000000800036c                EXTI2_3_IRQHandler
                0x000000000800036c                I2C2_IRQHandler
                0x000000000800036c                TIM17_IRQHandler
                0x000000000800036c                RTC_IRQHandler
                0x000000000800036c                TIM16_IRQHandler
                0x000000000800036c                TIM3_IRQHandler
                0x000000000800036c                EXTI4_15_IRQHandler
                0x000000000800036c                RCC_IRQHandler
                0x000000000800036c                DMA1_Channel1_IRQHandler
                0x000000000800036c                Default_Handler
                0x000000000800036c                CEC_IRQHandler
                0x000000000800036c                TIM14_IRQHandler
                0x000000000800036c                DMA1_Channel4_5_IRQHandler
                0x000000000800036c                TIM15_IRQHandler
                0x000000000800036c                EXTI0_1_IRQHandler
                0x000000000800036c                SPI2_IRQHandler
                0x000000000800036c                SVC_Handler
                0x000000000800036c                TS_IRQHandler
                0x000000000800036c                WWDG_IRQHandler
                0x000000000800036c                TIM2_IRQHandler
                0x000000000800036c                DMA1_Channel2_3_IRQHandler
                0x000000000800036c                USART2_IRQHandler
                0x000000000800036c                FLASH_IRQHandler
                0x000000000800036c                USART1_IRQHandler
                0x000000000800036c                TIM1_BRK_UP_TRG_COM_IRQHandler
 *(.rodata)
 *(.rodata*)
 *(.glue_7)
 .glue_7        0x0000000000000000        0x0 linker stubs
 *(.glue_7t)
 .glue_7t       0x0000000000000000        0x0 linker stubs
 *(.init)
 *fill*         0x000000000800036e        0x2 
 .init          0x0000000008000370        0x4 /usr/lib/gcc/arm-none-eabi/4.9.2/armv6-m/crti.o
                0x0000000008000370                _init
 .init          0x0000000008000374        0x8 /usr/lib/gcc/arm-none-eabi/4.9.2/armv6-m/crtn.o
 *(.fini)
 .fini          0x000000000800037c        0x4 /usr/lib/gcc/arm-none-eabi/4.9.2/armv6-m/crti.o
                0x000000000800037c                _fini
 .fini          0x0000000008000380        0x8 /usr/lib/gcc/arm-none-eabi/4.9.2/armv6-m/crtn.o
                0x0000000008000388                . = ALIGN (0x4)
                0x0000000008000388                _etext = .
                0x0000000008000388                _sidata = _etext

.vfp11_veneer   0x0000000008000388        0x0
 .vfp11_veneer  0x0000000000000000        0x0 linker stubs

.v4_bx          0x0000000008000388        0x0
 .v4_bx         0x0000000000000000        0x0 linker stubs

.iplt           0x0000000008000388        0x0
 .iplt          0x0000000000000000        0x0 /usr/lib/gcc/arm-none-eabi/4.9.2/armv6-m/crtbegin.o

.rel.dyn        0x0000000008000388        0x0
 .rel.iplt      0x0000000000000000        0x0 /usr/lib/gcc/arm-none-eabi/4.9.2/armv6-m/crtbegin.o

.data           0x0000000020000000        0x4 load address 0x0000000008000388
                0x0000000020000000                . = ALIGN (0x4)
                0x0000000020000000                _sdata = .
                0x0000000020000000                _data = .
 *(.data)
 *(.data.*)
 .data.SystemCoreClock
                0x0000000020000000        0x4 /tmp/ccsZ5Hv7.o
                0x0000000020000000                SystemCoreClock
 *(.RAMtext)
                0x0000000020000004                . = ALIGN (0x4)
                0x0000000020000004                _edata = .

.igot.plt       0x0000000020000004        0x0 load address 0x000000000800038c
 .igot.plt      0x0000000000000000        0x0 /usr/lib/gcc/arm-none-eabi/4.9.2/armv6-m/crtbegin.o

.bss            0x0000000020000004        0x4 load address 0x000000000800038c
                0x0000000020000004                . = ALIGN (0x4)
                0x0000000020000004                _sbss = .
                0x0000000020000004                _bss = .
 *(.bss)
 *(.bss.*)
 .bss.tick.5549
                0x0000000020000004        0x2 /tmp/ccfKLCKz.o
 *(COMMON)
                0x0000000020000008                . = ALIGN (0x4)
 *fill*         0x0000000020000006        0x2 
                0x0000000020000008                _ebss = .
                0x0000000020000008                PROVIDE (end, _ebss)
                0x0000000020000008                PROVIDE (_end, _ebss)
                0x0000000020000008                __exidx_start = .
                0x0000000020000008                __exidx_end = .

/DISCARD/
 libc.a(*)
 libm.a(*)
 libgcc.a(*)

.stab
 *(.stab)

.stabstr
 *(.stabstr)

.stab.excl
 *(.stab.excl)

.stab.exclstr
 *(.stab.exclstr)

.stab.index
 *(.stab.index)

.stab.indexstr
 *(.stab.indexstr)

.comment        0x0000000000000000       0x42
 *(.comment)
 .comment       0x0000000000000000       0x21 /tmp/ccfKLCKz.o
                                         0x22 (size before relaxing)
 .comment       0x0000000000000000       0x22 /tmp/ccsZ5Hv7.o
 .comment       0x0000000000000021       0x21 /usr/lib/gcc/arm-none-eabi/4.9.2/../../../../arm-none-eabi/lib/armv6-m/libg.a(lib_a-init.o)
                                         0x22 (size before relaxing)

.ARM.attributes
                0x0000000000000000       0x28
 .ARM.attributes
                0x0000000000000000       0x1e /usr/lib/gcc/arm-none-eabi/4.9.2/armv6-m/crti.o
 .ARM.attributes
                0x000000000000001e       0x31 /tmp/ccfKLCKz.o
 .ARM.attributes
                0x000000000000004f       0x31 /tmp/ccsZ5Hv7.o
 .ARM.attributes
                0x0000000000000080       0x21 /tmp/ccSmFBiF.o
 .ARM.attributes
                0x00000000000000a1       0x1e /usr/lib/gcc/arm-none-eabi/4.9.2/armv6-m/libgcc.a(_udivsi3.o)
 .ARM.attributes
                0x00000000000000bf       0x1e /usr/lib/gcc/arm-none-eabi/4.9.2/armv6-m/libgcc.a(_dvmd_tls.o)
 .ARM.attributes
                0x00000000000000dd       0x2c /usr/lib/gcc/arm-none-eabi/4.9.2/../../../../arm-none-eabi/lib/armv6-m/libg.a(lib_a-init.o)
 .ARM.attributes
                0x0000000000000109       0x1e /usr/lib/gcc/arm-none-eabi/4.9.2/armv6-m/crtn.o

.debug
 *(.debug)

.line
 *(.line)

.debug_srcinfo
 *(.debug_srcinfo)

.debug_sfnames
 *(.debug_sfnames)

.debug_aranges  0x0000000000000000       0xd8
 *(.debug_aranges)
 .debug_aranges
                0x0000000000000000       0x28 /tmp/ccfKLCKz.o
 .debug_aranges
                0x0000000000000028       0x28 /tmp/ccsZ5Hv7.o
 .debug_aranges
                0x0000000000000050       0x28 /tmp/ccSmFBiF.o
 .debug_aranges
                0x0000000000000078       0x20 /usr/lib/gcc/arm-none-eabi/4.9.2/armv6-m/libgcc.a(_udivsi3.o)
 .debug_aranges
                0x0000000000000098       0x20 /usr/lib/gcc/arm-none-eabi/4.9.2/armv6-m/libgcc.a(_dvmd_tls.o)
 .debug_aranges
                0x00000000000000b8       0x20 /usr/lib/gcc/arm-none-eabi/4.9.2/../../../../arm-none-eabi/lib/armv6-m/libg.a(lib_a-init.o)

.debug_pubnames
 *(.debug_pubnames)

.debug_info     0x0000000000000000      0xb64
 *(.debug_info .gnu.linkonce.wi.*)
 .debug_info    0x0000000000000000      0x5b7 /tmp/ccfKLCKz.o
 .debug_info    0x00000000000005b7      0x2c3 /tmp/ccsZ5Hv7.o
 .debug_info    0x000000000000087a       0x6b /tmp/ccSmFBiF.o
 .debug_info    0x00000000000008e5       0xbd /usr/lib/gcc/arm-none-eabi/4.9.2/armv6-m/libgcc.a(_udivsi3.o)
 .debug_info    0x00000000000009a2       0xbd /usr/lib/gcc/arm-none-eabi/4.9.2/armv6-m/libgcc.a(_dvmd_tls.o)
 .debug_info    0x0000000000000a5f      0x105 /usr/lib/gcc/arm-none-eabi/4.9.2/../../../../arm-none-eabi/lib/armv6-m/libg.a(lib_a-init.o)

.debug_abbrev   0x0000000000000000      0x3a3
 *(.debug_abbrev)
 .debug_abbrev  0x0000000000000000      0x180 /tmp/ccfKLCKz.o
 .debug_abbrev  0x0000000000000180      0x12f /tmp/ccsZ5Hv7.o
 .debug_abbrev  0x00000000000002af       0x12 /tmp/ccSmFBiF.o
 .debug_abbrev  0x00000000000002c1       0x14 /usr/lib/gcc/arm-none-eabi/4.9.2/armv6-m/libgcc.a(_udivsi3.o)
 .debug_abbrev  0x00000000000002d5       0x14 /usr/lib/gcc/arm-none-eabi/4.9.2/armv6-m/libgcc.a(_dvmd_tls.o)
 .debug_abbrev  0x00000000000002e9       0xba /usr/lib/gcc/arm-none-eabi/4.9.2/../../../../arm-none-eabi/lib/armv6-m/libg.a(lib_a-init.o)

.debug_line     0x0000000000000000      0x411
 *(.debug_line)
 .debug_line    0x0000000000000000      0x102 /tmp/ccfKLCKz.o
 .debug_line    0x0000000000000102       0xf3 /tmp/ccsZ5Hv7.o
 .debug_line    0x00000000000001f5       0x7d /tmp/ccSmFBiF.o
 .debug_line    0x0000000000000272       0x7c /usr/lib/gcc/arm-none-eabi/4.9.2/armv6-m/libgcc.a(_udivsi3.o)
 .debug_line    0x00000000000002ee       0x64 /usr/lib/gcc/arm-none-eabi/4.9.2/armv6-m/libgcc.a(_dvmd_tls.o)
 .debug_line    0x0000000000000352       0xbf /usr/lib/gcc/arm-none-eabi/4.9.2/../../../../arm-none-eabi/lib/armv6-m/libg.a(lib_a-init.o)

.debug_frame    0x0000000000000000       0xcc
 *(.debug_frame)
 .debug_frame   0x0000000000000000       0x38 /tmp/ccfKLCKz.o
 .debug_frame   0x0000000000000038       0x48 /tmp/ccsZ5Hv7.o
 .debug_frame   0x0000000000000080       0x20 /usr/lib/gcc/arm-none-eabi/4.9.2/armv6-m/libgcc.a(_udivsi3.o)
 .debug_frame   0x00000000000000a0       0x2c /usr/lib/gcc/arm-none-eabi/4.9.2/../../../../arm-none-eabi/lib/armv6-m/libg.a(lib_a-init.o)

.debug_str      0x0000000000000000      0x642
 *(.debug_str)
 .debug_str     0x0000000000000000      0x453 /tmp/ccfKLCKz.o
                                        0x471 (size before relaxing)
 .debug_str     0x0000000000000453       0xb7 /tmp/ccsZ5Hv7.o
                                        0x24b (size before relaxing)
 .debug_str     0x000000000000050a      0x138 /usr/lib/gcc/arm-none-eabi/4.9.2/../../../../arm-none-eabi/lib/armv6-m/libg.a(lib_a-init.o)
                                        0x1ca (size before relaxing)

.debug_loc      0x0000000000000000      0x1c4
 *(.debug_loc)
 .debug_loc     0x0000000000000000       0x59 /tmp/ccfKLCKz.o
 .debug_loc     0x0000000000000059       0xe7 /tmp/ccsZ5Hv7.o
 .debug_loc     0x0000000000000140       0x84 /usr/lib/gcc/arm-none-eabi/4.9.2/../../../../arm-none-eabi/lib/armv6-m/libg.a(lib_a-init.o)

.debug_macinfo
 *(.debug_macinfo)

.debug_weaknames
 *(.debug_weaknames)

.debug_funcnames
 *(.debug_funcnames)

.debug_typenames
 *(.debug_typenames)

.debug_varnames
 *(.debug_varnames)
OUTPUT(main.elf elf32-littlearm)

.debug_ranges   0x0000000000000000       0x68
 .debug_ranges  0x0000000000000000       0x18 /tmp/ccfKLCKz.o
 .debug_ranges  0x0000000000000018       0x30 /tmp/ccsZ5Hv7.o
 .debug_ranges  0x0000000000000048       0x20 /tmp/ccSmFBiF.o
