Archive member included to satisfy reference by file (symbol)

Libraries/libstm32f0.a(stm32f0xx_gpio.o)
                              /tmp/cccDiGcs.o (GPIO_Init)
Libraries/libstm32f0.a(stm32f0xx_i2c.o)
                              /tmp/cccDiGcs.o (I2C_Init)
Libraries/libstm32f0.a(stm32f0xx_rcc.o)
                              /tmp/cccDiGcs.o (RCC_I2CCLKConfig)
/usr/lib/gcc/arm-none-eabi/4.9.2/armv6-m/libgcc.a(_udivsi3.o)
                              /tmp/cccDiGcs.o (__aeabi_uidiv)
/usr/lib/gcc/arm-none-eabi/4.9.2/armv6-m/libgcc.a(_dvmd_tls.o)
                              /usr/lib/gcc/arm-none-eabi/4.9.2/armv6-m/libgcc.a(_udivsi3.o) (__aeabi_idiv0)
/usr/lib/gcc/arm-none-eabi/4.9.2/../../../../arm-none-eabi/lib/armv6-m/libg.a(lib_a-atexit.o)
                              /usr/lib/gcc/arm-none-eabi/4.9.2/../../../../arm-none-eabi/lib/armv6-m/crt0.o (atexit)
/usr/lib/gcc/arm-none-eabi/4.9.2/../../../../arm-none-eabi/lib/armv6-m/libg.a(lib_a-exit.o)
                              /usr/lib/gcc/arm-none-eabi/4.9.2/../../../../arm-none-eabi/lib/armv6-m/crt0.o (exit)
/usr/lib/gcc/arm-none-eabi/4.9.2/../../../../arm-none-eabi/lib/armv6-m/libg.a(lib_a-fini.o)
                              /usr/lib/gcc/arm-none-eabi/4.9.2/../../../../arm-none-eabi/lib/armv6-m/crt0.o (__libc_fini_array)
/usr/lib/gcc/arm-none-eabi/4.9.2/../../../../arm-none-eabi/lib/armv6-m/libg.a(lib_a-impure.o)
                              /usr/lib/gcc/arm-none-eabi/4.9.2/../../../../arm-none-eabi/lib/armv6-m/libg.a(lib_a-exit.o) (_global_impure_ptr)
/usr/lib/gcc/arm-none-eabi/4.9.2/../../../../arm-none-eabi/lib/armv6-m/libg.a(lib_a-init.o)
                              /usr/lib/gcc/arm-none-eabi/4.9.2/../../../../arm-none-eabi/lib/armv6-m/crt0.o (__libc_init_array)
/usr/lib/gcc/arm-none-eabi/4.9.2/../../../../arm-none-eabi/lib/armv6-m/libg.a(lib_a-memset.o)
                              /usr/lib/gcc/arm-none-eabi/4.9.2/../../../../arm-none-eabi/lib/armv6-m/crt0.o (memset)
/usr/lib/gcc/arm-none-eabi/4.9.2/../../../../arm-none-eabi/lib/armv6-m/libg.a(lib_a-__atexit.o)
                              /usr/lib/gcc/arm-none-eabi/4.9.2/../../../../arm-none-eabi/lib/armv6-m/libg.a(lib_a-atexit.o) (__register_exitproc)
/usr/lib/gcc/arm-none-eabi/4.9.2/../../../../arm-none-eabi/lib/armv6-m/libg.a(lib_a-__call_atexit.o)
                              /usr/lib/gcc/arm-none-eabi/4.9.2/../../../../arm-none-eabi/lib/armv6-m/libg.a(lib_a-exit.o) (__call_exitprocs)

Allocating common symbols
Common symbol       size              file

USART2_InitStruct   0x18              /tmp/cccDiGcs.o
I2C1_InitStruct     0x1c              /tmp/cccDiGcs.o

Discarded input sections

 .text          0x0000000000000000        0x0 /usr/lib/gcc/arm-none-eabi/4.9.2/armv6-m/crti.o
 .data          0x0000000000000000        0x0 /usr/lib/gcc/arm-none-eabi/4.9.2/armv6-m/crti.o
 .bss           0x0000000000000000        0x0 /usr/lib/gcc/arm-none-eabi/4.9.2/armv6-m/crti.o
 .text          0x0000000000000000       0x60 /usr/lib/gcc/arm-none-eabi/4.9.2/armv6-m/crtbegin.o
 .data          0x0000000000000000        0x4 /usr/lib/gcc/arm-none-eabi/4.9.2/armv6-m/crtbegin.o
 .bss           0x0000000000000000       0x1c /usr/lib/gcc/arm-none-eabi/4.9.2/armv6-m/crtbegin.o
 .init_array    0x0000000000000000        0x4 /usr/lib/gcc/arm-none-eabi/4.9.2/armv6-m/crtbegin.o
 .fini_array    0x0000000000000000        0x4 /usr/lib/gcc/arm-none-eabi/4.9.2/armv6-m/crtbegin.o
 .eh_frame      0x0000000000000000        0x0 /usr/lib/gcc/arm-none-eabi/4.9.2/armv6-m/crtbegin.o
 .jcr           0x0000000000000000        0x0 /usr/lib/gcc/arm-none-eabi/4.9.2/armv6-m/crtbegin.o
 .comment       0x0000000000000000       0x22 /usr/lib/gcc/arm-none-eabi/4.9.2/armv6-m/crtbegin.o
 .ARM.attributes
                0x0000000000000000       0x2c /usr/lib/gcc/arm-none-eabi/4.9.2/armv6-m/crtbegin.o
 .text          0x0000000000000000       0x6c /usr/lib/gcc/arm-none-eabi/4.9.2/../../../../arm-none-eabi/lib/armv6-m/crt0.o
 .data          0x0000000000000000        0x0 /usr/lib/gcc/arm-none-eabi/4.9.2/../../../../arm-none-eabi/lib/armv6-m/crt0.o
 .bss           0x0000000000000000        0x0 /usr/lib/gcc/arm-none-eabi/4.9.2/../../../../arm-none-eabi/lib/armv6-m/crt0.o
 .ARM.extab     0x0000000000000000        0x0 /usr/lib/gcc/arm-none-eabi/4.9.2/../../../../arm-none-eabi/lib/armv6-m/crt0.o
 .ARM.exidx     0x0000000000000000        0x8 /usr/lib/gcc/arm-none-eabi/4.9.2/../../../../arm-none-eabi/lib/armv6-m/crt0.o
 .ARM.attributes
                0x0000000000000000       0x1b /usr/lib/gcc/arm-none-eabi/4.9.2/../../../../arm-none-eabi/lib/armv6-m/crt0.o
 .debug_line    0x0000000000000000       0x7f /usr/lib/gcc/arm-none-eabi/4.9.2/../../../../arm-none-eabi/lib/armv6-m/crt0.o
 .debug_info    0x0000000000000000       0x93 /usr/lib/gcc/arm-none-eabi/4.9.2/../../../../arm-none-eabi/lib/armv6-m/crt0.o
 .debug_abbrev  0x0000000000000000       0x14 /usr/lib/gcc/arm-none-eabi/4.9.2/../../../../arm-none-eabi/lib/armv6-m/crt0.o
 .debug_aranges
                0x0000000000000000       0x20 /usr/lib/gcc/arm-none-eabi/4.9.2/../../../../arm-none-eabi/lib/armv6-m/crt0.o
 .text          0x0000000000000000        0x0 /tmp/cccDiGcs.o
 .data          0x0000000000000000        0x0 /tmp/cccDiGcs.o
 .bss           0x0000000000000000        0x0 /tmp/cccDiGcs.o
 .text.I2C_PCF_send
                0x0000000000000000       0x48 /tmp/cccDiGcs.o
 .data.GPIOC_InitStruct
                0x0000000000000000        0x8 /tmp/cccDiGcs.o
 COMMON         0x0000000000000000       0x34 /tmp/cccDiGcs.o
 .text          0x0000000000000000        0x0 /tmp/ccdCP1NY.o
 .data          0x0000000000000000        0x0 /tmp/ccdCP1NY.o
 .bss           0x0000000000000000        0x0 /tmp/ccdCP1NY.o
 .text.SystemCoreClockUpdate
                0x0000000000000000       0x64 /tmp/ccdCP1NY.o
 .data.AHBPrescTable
                0x0000000000000000       0x10 /tmp/ccdCP1NY.o
 .text          0x0000000000000000       0x14 /tmp/cckY8Usv.o
 .data          0x0000000000000000        0x0 /tmp/cckY8Usv.o
 .bss           0x0000000000000000        0x0 /tmp/cckY8Usv.o
 .data          0x0000000000000000        0x0 Libraries/libstm32f0.a(stm32f0xx_gpio.o)
 .bss           0x0000000000000000        0x0 Libraries/libstm32f0.a(stm32f0xx_gpio.o)
 .data          0x0000000000000000        0x0 Libraries/libstm32f0.a(stm32f0xx_i2c.o)
 .bss           0x0000000000000000        0x0 Libraries/libstm32f0.a(stm32f0xx_i2c.o)
 .bss           0x0000000000000000        0x0 Libraries/libstm32f0.a(stm32f0xx_rcc.o)
 .data          0x0000000000000000        0x0 /usr/lib/gcc/arm-none-eabi/4.9.2/armv6-m/libgcc.a(_udivsi3.o)
 .bss           0x0000000000000000        0x0 /usr/lib/gcc/arm-none-eabi/4.9.2/armv6-m/libgcc.a(_udivsi3.o)
 .data          0x0000000000000000        0x0 /usr/lib/gcc/arm-none-eabi/4.9.2/armv6-m/libgcc.a(_dvmd_tls.o)
 .bss           0x0000000000000000        0x0 /usr/lib/gcc/arm-none-eabi/4.9.2/armv6-m/libgcc.a(_dvmd_tls.o)
 .text          0x0000000000000000       0x10 /usr/lib/gcc/arm-none-eabi/4.9.2/../../../../arm-none-eabi/lib/armv6-m/libg.a(lib_a-atexit.o)
 .data          0x0000000000000000        0x0 /usr/lib/gcc/arm-none-eabi/4.9.2/../../../../arm-none-eabi/lib/armv6-m/libg.a(lib_a-atexit.o)
 .bss           0x0000000000000000        0x0 /usr/lib/gcc/arm-none-eabi/4.9.2/../../../../arm-none-eabi/lib/armv6-m/libg.a(lib_a-atexit.o)
 .debug_info    0x0000000000000000      0x10a /usr/lib/gcc/arm-none-eabi/4.9.2/../../../../arm-none-eabi/lib/armv6-m/libg.a(lib_a-atexit.o)
 .debug_abbrev  0x0000000000000000       0xb5 /usr/lib/gcc/arm-none-eabi/4.9.2/../../../../arm-none-eabi/lib/armv6-m/libg.a(lib_a-atexit.o)
 .debug_loc     0x0000000000000000       0x2c /usr/lib/gcc/arm-none-eabi/4.9.2/../../../../arm-none-eabi/lib/armv6-m/libg.a(lib_a-atexit.o)
 .debug_aranges
                0x0000000000000000       0x20 /usr/lib/gcc/arm-none-eabi/4.9.2/../../../../arm-none-eabi/lib/armv6-m/libg.a(lib_a-atexit.o)
 .debug_line    0x0000000000000000       0xb0 /usr/lib/gcc/arm-none-eabi/4.9.2/../../../../arm-none-eabi/lib/armv6-m/libg.a(lib_a-atexit.o)
 .debug_str     0x0000000000000000      0x1a8 /usr/lib/gcc/arm-none-eabi/4.9.2/../../../../arm-none-eabi/lib/armv6-m/libg.a(lib_a-atexit.o)
 .comment       0x0000000000000000       0x22 /usr/lib/gcc/arm-none-eabi/4.9.2/../../../../arm-none-eabi/lib/armv6-m/libg.a(lib_a-atexit.o)
 .ARM.attributes
                0x0000000000000000       0x2c /usr/lib/gcc/arm-none-eabi/4.9.2/../../../../arm-none-eabi/lib/armv6-m/libg.a(lib_a-atexit.o)
 .debug_frame   0x0000000000000000       0x28 /usr/lib/gcc/arm-none-eabi/4.9.2/../../../../arm-none-eabi/lib/armv6-m/libg.a(lib_a-atexit.o)
 .text          0x0000000000000000       0x20 /usr/lib/gcc/arm-none-eabi/4.9.2/../../../../arm-none-eabi/lib/armv6-m/libg.a(lib_a-exit.o)
 .data          0x0000000000000000        0x0 /usr/lib/gcc/arm-none-eabi/4.9.2/../../../../arm-none-eabi/lib/armv6-m/libg.a(lib_a-exit.o)
 .bss           0x0000000000000000        0x0 /usr/lib/gcc/arm-none-eabi/4.9.2/../../../../arm-none-eabi/lib/armv6-m/libg.a(lib_a-exit.o)
 .debug_info    0x0000000000000000      0x8e4 /usr/lib/gcc/arm-none-eabi/4.9.2/../../../../arm-none-eabi/lib/armv6-m/libg.a(lib_a-exit.o)
 .debug_abbrev  0x0000000000000000      0x1e6 /usr/lib/gcc/arm-none-eabi/4.9.2/../../../../arm-none-eabi/lib/armv6-m/libg.a(lib_a-exit.o)
 .debug_loc     0x0000000000000000       0x1e /usr/lib/gcc/arm-none-eabi/4.9.2/../../../../arm-none-eabi/lib/armv6-m/libg.a(lib_a-exit.o)
 .debug_aranges
                0x0000000000000000       0x20 /usr/lib/gcc/arm-none-eabi/4.9.2/../../../../arm-none-eabi/lib/armv6-m/libg.a(lib_a-exit.o)
 .debug_line    0x0000000000000000      0x152 /usr/lib/gcc/arm-none-eabi/4.9.2/../../../../arm-none-eabi/lib/armv6-m/libg.a(lib_a-exit.o)
 .debug_str     0x0000000000000000      0x545 /usr/lib/gcc/arm-none-eabi/4.9.2/../../../../arm-none-eabi/lib/armv6-m/libg.a(lib_a-exit.o)
 .comment       0x0000000000000000       0x22 /usr/lib/gcc/arm-none-eabi/4.9.2/../../../../arm-none-eabi/lib/armv6-m/libg.a(lib_a-exit.o)
 .ARM.attributes
                0x0000000000000000       0x2c /usr/lib/gcc/arm-none-eabi/4.9.2/../../../../arm-none-eabi/lib/armv6-m/libg.a(lib_a-exit.o)
 .debug_frame   0x0000000000000000       0x28 /usr/lib/gcc/arm-none-eabi/4.9.2/../../../../arm-none-eabi/lib/armv6-m/libg.a(lib_a-exit.o)
 .text          0x0000000000000000       0x34 /usr/lib/gcc/arm-none-eabi/4.9.2/../../../../arm-none-eabi/lib/armv6-m/libg.a(lib_a-fini.o)
 .data          0x0000000000000000        0x0 /usr/lib/gcc/arm-none-eabi/4.9.2/../../../../arm-none-eabi/lib/armv6-m/libg.a(lib_a-fini.o)
 .bss           0x0000000000000000        0x0 /usr/lib/gcc/arm-none-eabi/4.9.2/../../../../arm-none-eabi/lib/armv6-m/libg.a(lib_a-fini.o)
 .debug_info    0x0000000000000000       0xef /usr/lib/gcc/arm-none-eabi/4.9.2/../../../../arm-none-eabi/lib/armv6-m/libg.a(lib_a-fini.o)
 .debug_abbrev  0x0000000000000000       0xba /usr/lib/gcc/arm-none-eabi/4.9.2/../../../../arm-none-eabi/lib/armv6-m/libg.a(lib_a-fini.o)
 .debug_loc     0x0000000000000000       0x3e /usr/lib/gcc/arm-none-eabi/4.9.2/../../../../arm-none-eabi/lib/armv6-m/libg.a(lib_a-fini.o)
 .debug_aranges
                0x0000000000000000       0x20 /usr/lib/gcc/arm-none-eabi/4.9.2/../../../../arm-none-eabi/lib/armv6-m/libg.a(lib_a-fini.o)
 .debug_line    0x0000000000000000       0x9b /usr/lib/gcc/arm-none-eabi/4.9.2/../../../../arm-none-eabi/lib/armv6-m/libg.a(lib_a-fini.o)
 .debug_str     0x0000000000000000      0x1a0 /usr/lib/gcc/arm-none-eabi/4.9.2/../../../../arm-none-eabi/lib/armv6-m/libg.a(lib_a-fini.o)
 .comment       0x0000000000000000       0x22 /usr/lib/gcc/arm-none-eabi/4.9.2/../../../../arm-none-eabi/lib/armv6-m/libg.a(lib_a-fini.o)
 .ARM.attributes
                0x0000000000000000       0x2c /usr/lib/gcc/arm-none-eabi/4.9.2/../../../../arm-none-eabi/lib/armv6-m/libg.a(lib_a-fini.o)
 .debug_frame   0x0000000000000000       0x2c /usr/lib/gcc/arm-none-eabi/4.9.2/../../../../arm-none-eabi/lib/armv6-m/libg.a(lib_a-fini.o)
 .text          0x0000000000000000        0x0 /usr/lib/gcc/arm-none-eabi/4.9.2/../../../../arm-none-eabi/lib/armv6-m/libg.a(lib_a-impure.o)
 .data          0x0000000000000000      0x430 /usr/lib/gcc/arm-none-eabi/4.9.2/../../../../arm-none-eabi/lib/armv6-m/libg.a(lib_a-impure.o)
 .bss           0x0000000000000000        0x0 /usr/lib/gcc/arm-none-eabi/4.9.2/../../../../arm-none-eabi/lib/armv6-m/libg.a(lib_a-impure.o)
 .rodata        0x0000000000000000        0x4 /usr/lib/gcc/arm-none-eabi/4.9.2/../../../../arm-none-eabi/lib/armv6-m/libg.a(lib_a-impure.o)
 .rodata.str1.4
                0x0000000000000000        0x4 /usr/lib/gcc/arm-none-eabi/4.9.2/../../../../arm-none-eabi/lib/armv6-m/libg.a(lib_a-impure.o)
 .debug_info    0x0000000000000000      0x894 /usr/lib/gcc/arm-none-eabi/4.9.2/../../../../arm-none-eabi/lib/armv6-m/libg.a(lib_a-impure.o)
 .debug_abbrev  0x0000000000000000      0x180 /usr/lib/gcc/arm-none-eabi/4.9.2/../../../../arm-none-eabi/lib/armv6-m/libg.a(lib_a-impure.o)
 .debug_aranges
                0x0000000000000000       0x18 /usr/lib/gcc/arm-none-eabi/4.9.2/../../../../arm-none-eabi/lib/armv6-m/libg.a(lib_a-impure.o)
 .debug_line    0x0000000000000000       0xdf /usr/lib/gcc/arm-none-eabi/4.9.2/../../../../arm-none-eabi/lib/armv6-m/libg.a(lib_a-impure.o)
 .debug_str     0x0000000000000000      0x53c /usr/lib/gcc/arm-none-eabi/4.9.2/../../../../arm-none-eabi/lib/armv6-m/libg.a(lib_a-impure.o)
 .comment       0x0000000000000000       0x22 /usr/lib/gcc/arm-none-eabi/4.9.2/../../../../arm-none-eabi/lib/armv6-m/libg.a(lib_a-impure.o)
 .ARM.attributes
                0x0000000000000000       0x2c /usr/lib/gcc/arm-none-eabi/4.9.2/../../../../arm-none-eabi/lib/armv6-m/libg.a(lib_a-impure.o)
 .data          0x0000000000000000        0x0 /usr/lib/gcc/arm-none-eabi/4.9.2/../../../../arm-none-eabi/lib/armv6-m/libg.a(lib_a-init.o)
 .bss           0x0000000000000000        0x0 /usr/lib/gcc/arm-none-eabi/4.9.2/../../../../arm-none-eabi/lib/armv6-m/libg.a(lib_a-init.o)
 .text          0x0000000000000000       0x90 /usr/lib/gcc/arm-none-eabi/4.9.2/../../../../arm-none-eabi/lib/armv6-m/libg.a(lib_a-memset.o)
 .data          0x0000000000000000        0x0 /usr/lib/gcc/arm-none-eabi/4.9.2/../../../../arm-none-eabi/lib/armv6-m/libg.a(lib_a-memset.o)
 .bss           0x0000000000000000        0x0 /usr/lib/gcc/arm-none-eabi/4.9.2/../../../../arm-none-eabi/lib/armv6-m/libg.a(lib_a-memset.o)
 .debug_info    0x0000000000000000      0x117 /usr/lib/gcc/arm-none-eabi/4.9.2/../../../../arm-none-eabi/lib/armv6-m/libg.a(lib_a-memset.o)
 .debug_abbrev  0x0000000000000000       0x9f /usr/lib/gcc/arm-none-eabi/4.9.2/../../../../arm-none-eabi/lib/armv6-m/libg.a(lib_a-memset.o)
 .debug_loc     0x0000000000000000      0x1e3 /usr/lib/gcc/arm-none-eabi/4.9.2/../../../../arm-none-eabi/lib/armv6-m/libg.a(lib_a-memset.o)
 .debug_aranges
                0x0000000000000000       0x20 /usr/lib/gcc/arm-none-eabi/4.9.2/../../../../arm-none-eabi/lib/armv6-m/libg.a(lib_a-memset.o)
 .debug_line    0x0000000000000000      0x100 /usr/lib/gcc/arm-none-eabi/4.9.2/../../../../arm-none-eabi/lib/armv6-m/libg.a(lib_a-memset.o)
 .debug_str     0x0000000000000000      0x17f /usr/lib/gcc/arm-none-eabi/4.9.2/../../../../arm-none-eabi/lib/armv6-m/libg.a(lib_a-memset.o)
 .comment       0x0000000000000000       0x22 /usr/lib/gcc/arm-none-eabi/4.9.2/../../../../arm-none-eabi/lib/armv6-m/libg.a(lib_a-memset.o)
 .ARM.attributes
                0x0000000000000000       0x2c /usr/lib/gcc/arm-none-eabi/4.9.2/../../../../arm-none-eabi/lib/armv6-m/libg.a(lib_a-memset.o)
 .debug_frame   0x0000000000000000       0x2c /usr/lib/gcc/arm-none-eabi/4.9.2/../../../../arm-none-eabi/lib/armv6-m/libg.a(lib_a-memset.o)
 .text          0x0000000000000000       0xc0 /usr/lib/gcc/arm-none-eabi/4.9.2/../../../../arm-none-eabi/lib/armv6-m/libg.a(lib_a-__atexit.o)
 .data          0x0000000000000000        0x0 /usr/lib/gcc/arm-none-eabi/4.9.2/../../../../arm-none-eabi/lib/armv6-m/libg.a(lib_a-__atexit.o)
 .bss           0x0000000000000000        0x0 /usr/lib/gcc/arm-none-eabi/4.9.2/../../../../arm-none-eabi/lib/armv6-m/libg.a(lib_a-__atexit.o)
 .debug_info    0x0000000000000000      0x934 /usr/lib/gcc/arm-none-eabi/4.9.2/../../../../arm-none-eabi/lib/armv6-m/libg.a(lib_a-__atexit.o)
 .debug_abbrev  0x0000000000000000      0x20f /usr/lib/gcc/arm-none-eabi/4.9.2/../../../../arm-none-eabi/lib/armv6-m/libg.a(lib_a-__atexit.o)
 .debug_loc     0x0000000000000000      0x198 /usr/lib/gcc/arm-none-eabi/4.9.2/../../../../arm-none-eabi/lib/armv6-m/libg.a(lib_a-__atexit.o)
 .debug_aranges
                0x0000000000000000       0x20 /usr/lib/gcc/arm-none-eabi/4.9.2/../../../../arm-none-eabi/lib/armv6-m/libg.a(lib_a-__atexit.o)
 .debug_line    0x0000000000000000      0x16e /usr/lib/gcc/arm-none-eabi/4.9.2/../../../../arm-none-eabi/lib/armv6-m/libg.a(lib_a-__atexit.o)
 .debug_str     0x0000000000000000      0x584 /usr/lib/gcc/arm-none-eabi/4.9.2/../../../../arm-none-eabi/lib/armv6-m/libg.a(lib_a-__atexit.o)
 .comment       0x0000000000000000       0x22 /usr/lib/gcc/arm-none-eabi/4.9.2/../../../../arm-none-eabi/lib/armv6-m/libg.a(lib_a-__atexit.o)
 .ARM.attributes
                0x0000000000000000       0x2c /usr/lib/gcc/arm-none-eabi/4.9.2/../../../../arm-none-eabi/lib/armv6-m/libg.a(lib_a-__atexit.o)
 .debug_frame   0x0000000000000000       0x38 /usr/lib/gcc/arm-none-eabi/4.9.2/../../../../arm-none-eabi/lib/armv6-m/libg.a(lib_a-__atexit.o)
 .text          0x0000000000000000      0x10c /usr/lib/gcc/arm-none-eabi/4.9.2/../../../../arm-none-eabi/lib/armv6-m/libg.a(lib_a-__call_atexit.o)
 .data          0x0000000000000000        0x0 /usr/lib/gcc/arm-none-eabi/4.9.2/../../../../arm-none-eabi/lib/armv6-m/libg.a(lib_a-__call_atexit.o)
 .bss           0x0000000000000000        0x0 /usr/lib/gcc/arm-none-eabi/4.9.2/../../../../arm-none-eabi/lib/armv6-m/libg.a(lib_a-__call_atexit.o)
 .debug_info    0x0000000000000000      0x95a /usr/lib/gcc/arm-none-eabi/4.9.2/../../../../arm-none-eabi/lib/armv6-m/libg.a(lib_a-__call_atexit.o)
 .debug_abbrev  0x0000000000000000      0x21f /usr/lib/gcc/arm-none-eabi/4.9.2/../../../../arm-none-eabi/lib/armv6-m/libg.a(lib_a-__call_atexit.o)
 .debug_loc     0x0000000000000000      0x1d2 /usr/lib/gcc/arm-none-eabi/4.9.2/../../../../arm-none-eabi/lib/armv6-m/libg.a(lib_a-__call_atexit.o)
 .debug_aranges
                0x0000000000000000       0x20 /usr/lib/gcc/arm-none-eabi/4.9.2/../../../../arm-none-eabi/lib/armv6-m/libg.a(lib_a-__call_atexit.o)
 .debug_ranges  0x0000000000000000       0x28 /usr/lib/gcc/arm-none-eabi/4.9.2/../../../../arm-none-eabi/lib/armv6-m/libg.a(lib_a-__call_atexit.o)
 .debug_line    0x0000000000000000      0x1a0 /usr/lib/gcc/arm-none-eabi/4.9.2/../../../../arm-none-eabi/lib/armv6-m/libg.a(lib_a-__call_atexit.o)
 .debug_str     0x0000000000000000      0x569 /usr/lib/gcc/arm-none-eabi/4.9.2/../../../../arm-none-eabi/lib/armv6-m/libg.a(lib_a-__call_atexit.o)
 .comment       0x0000000000000000       0x22 /usr/lib/gcc/arm-none-eabi/4.9.2/../../../../arm-none-eabi/lib/armv6-m/libg.a(lib_a-__call_atexit.o)
 .ARM.attributes
                0x0000000000000000       0x2c /usr/lib/gcc/arm-none-eabi/4.9.2/../../../../arm-none-eabi/lib/armv6-m/libg.a(lib_a-__call_atexit.o)
 .debug_frame   0x0000000000000000       0x3c /usr/lib/gcc/arm-none-eabi/4.9.2/../../../../arm-none-eabi/lib/armv6-m/libg.a(lib_a-__call_atexit.o)
 .text          0x0000000000000000        0x0 /usr/lib/gcc/arm-none-eabi/4.9.2/armv6-m/crtend.o
 .data          0x0000000000000000        0x0 /usr/lib/gcc/arm-none-eabi/4.9.2/armv6-m/crtend.o
 .bss           0x0000000000000000        0x0 /usr/lib/gcc/arm-none-eabi/4.9.2/armv6-m/crtend.o
 .eh_frame      0x0000000000000000        0x4 /usr/lib/gcc/arm-none-eabi/4.9.2/armv6-m/crtend.o
 .jcr           0x0000000000000000        0x4 /usr/lib/gcc/arm-none-eabi/4.9.2/armv6-m/crtend.o
 .comment       0x0000000000000000       0x22 /usr/lib/gcc/arm-none-eabi/4.9.2/armv6-m/crtend.o
 .ARM.attributes
                0x0000000000000000       0x2c /usr/lib/gcc/arm-none-eabi/4.9.2/armv6-m/crtend.o
 .text          0x0000000000000000        0x0 /usr/lib/gcc/arm-none-eabi/4.9.2/armv6-m/crtn.o
 .data          0x0000000000000000        0x0 /usr/lib/gcc/arm-none-eabi/4.9.2/armv6-m/crtn.o
 .bss           0x0000000000000000        0x0 /usr/lib/gcc/arm-none-eabi/4.9.2/armv6-m/crtn.o

Memory Configuration

Name             Origin             Length             Attributes
FLASH            0x0000000008000000 0x0000000000008000 xr
RAM              0x0000000020000000 0x0000000000001000 xrw
*default*        0x0000000000000000 0xffffffffffffffff

Linker script and memory map

LOAD /usr/lib/gcc/arm-none-eabi/4.9.2/armv6-m/crti.o
LOAD /usr/lib/gcc/arm-none-eabi/4.9.2/armv6-m/crtbegin.o
LOAD /usr/lib/gcc/arm-none-eabi/4.9.2/../../../../arm-none-eabi/lib/armv6-m/crt0.o
LOAD /tmp/cccDiGcs.o
LOAD /tmp/ccdCP1NY.o
LOAD /tmp/cckY8Usv.o
LOAD Libraries/libstm32f0.a
START GROUP
LOAD /usr/lib/gcc/arm-none-eabi/4.9.2/armv6-m/libgcc.a
LOAD /usr/lib/gcc/arm-none-eabi/4.9.2/../../../../arm-none-eabi/lib/armv6-m/libg.a
LOAD /usr/lib/gcc/arm-none-eabi/4.9.2/../../../../arm-none-eabi/lib/armv6-m/libc.a
END GROUP
LOAD /usr/lib/gcc/arm-none-eabi/4.9.2/armv6-m/crtend.o
LOAD /usr/lib/gcc/arm-none-eabi/4.9.2/armv6-m/crtn.o
                0x0000000020001000                _estack = 0x20001000

.isr_vector     0x0000000008000000       0xc4
                0x0000000008000000                . = ALIGN (0x4)
 *(.isr_vector)
 .isr_vector    0x0000000008000000       0xc4 /tmp/cckY8Usv.o
                0x0000000008000000                g_pfnVectors
                0x00000000080000c4                . = ALIGN (0x4)

.text           0x00000000080000c4     0x1004
                0x00000000080000c4                . = ALIGN (0x4)
 *(.text)
 .text          0x00000000080000c4      0x20c Libraries/libstm32f0.a(stm32f0xx_gpio.o)
                0x00000000080000c4                GPIO_DeInit
                0x0000000008000168                GPIO_Init
                0x0000000008000230                GPIO_StructInit
                0x0000000008000248                GPIO_PinLockConfig
                0x000000000800026c                GPIO_ReadInputDataBit
                0x0000000008000278                GPIO_ReadInputData
                0x0000000008000280                GPIO_ReadOutputDataBit
                0x000000000800028c                GPIO_ReadOutputData
                0x0000000008000294                GPIO_SetBits
                0x0000000008000298                GPIO_ResetBits
                0x000000000800029c                GPIO_WriteBit
                0x00000000080002a8                GPIO_Write
                0x00000000080002ac                GPIO_PinAFConfig
 .text          0x00000000080002d0      0x48c Libraries/libstm32f0.a(stm32f0xx_i2c.o)
                0x00000000080002d0                I2C_DeInit
                0x0000000008000308                I2C_Init
                0x000000000800036c                I2C_StructInit
                0x0000000008000384                I2C_Cmd
                0x000000000800039c                I2C_SoftwareResetCmd
                0x00000000080003bc                I2C_ITConfig
                0x00000000080003d0                I2C_StretchClockCmd
                0x00000000080003f0                I2C_StopModeCmd
                0x0000000008000410                I2C_DualAddressCmd
                0x0000000008000430                I2C_OwnAddress2Config
                0x0000000008000454                I2C_GeneralCallCmd
                0x0000000008000474                I2C_SlaveByteControlCmd
                0x0000000008000494                I2C_SlaveAddressConfig
                0x00000000080004a4                I2C_10BitAddressingModeCmd
                0x00000000080004c4                I2C_AutoEndCmd
                0x00000000080004e4                I2C_ReloadCmd
                0x0000000008000504                I2C_NumberOfBytesConfig
                0x0000000008000518                I2C_MasterRequestConfig
                0x0000000008000538                I2C_GenerateSTART
                0x0000000008000558                I2C_GenerateSTOP
                0x0000000008000578                I2C_10BitAddressHeaderCmd
                0x0000000008000598                I2C_AcknowledgeConfig
                0x00000000080005b8                I2C_GetAddressMatched
                0x00000000080005c4                I2C_GetTransferDirection
                0x00000000080005d0                I2C_TransferHandling
                0x00000000080005f0                I2C_SMBusAlertCmd
                0x0000000008000610                I2C_ClockTimeoutCmd
                0x0000000008000630                I2C_ExtendedClockTimeoutCmd
                0x0000000008000648                I2C_IdleClockTimeoutCmd
                0x0000000008000668                I2C_TimeoutAConfig
                0x0000000008000678                I2C_TimeoutBConfig
                0x0000000008000694                I2C_CalculatePEC
                0x00000000080006b4                I2C_PECRequestCmd
                0x00000000080006d4                I2C_GetPEC
                0x00000000080006dc                I2C_ReadRegister
                0x00000000080006f4                I2C_SendData
                0x00000000080006f8                I2C_ReceiveData
                0x0000000008000700                I2C_DMACmd
                0x0000000008000714                I2C_GetFlagStatus
                0x0000000008000720                I2C_ClearFlag
                0x0000000008000724                I2C_GetITStatus
                0x0000000008000758                I2C_ClearITPendingBit
 .text          0x000000000800075c      0x550 Libraries/libstm32f0.a(stm32f0xx_rcc.o)
                0x000000000800075c                RCC_DeInit
                0x00000000080007bc                RCC_HSEConfig
                0x00000000080007cc                RCC_AdjustHSICalibrationValue
                0x00000000080007e0                RCC_HSICmd
                0x0000000008000800                RCC_AdjustHSI14CalibrationValue
                0x0000000008000814                RCC_HSI14Cmd
                0x0000000008000834                RCC_HSI14ADCRequestCmd
                0x0000000008000854                RCC_LSEConfig
                0x0000000008000874                RCC_LSEDriveConfig
                0x000000000800088c                RCC_LSICmd
                0x00000000080008ac                RCC_PLLConfig
                0x00000000080008cc                RCC_PLLCmd
                0x00000000080008f0                RCC_PREDIV1Config
                0x0000000008000904                RCC_ClockSecuritySystemCmd
                0x0000000008000928                RCC_MCOConfig
                0x0000000008000934                RCC_SYSCLKConfig
                0x0000000008000948                RCC_GetSYSCLKSource
                0x0000000008000958                RCC_HCLKConfig
                0x000000000800096c                RCC_PCLKConfig
                0x0000000008000984                RCC_ADCCLKConfig
                0x00000000080009b8                RCC_CECCLKConfig
                0x00000000080009d0                RCC_I2CCLKConfig
                0x00000000080009e8                RCC_USARTCLKConfig
                0x0000000008000a00                RCC_GetClocksFreq
                0x0000000008000b08                RCC_RTCCLKConfig
                0x0000000008000b18                RCC_RTCCLKCmd
                0x0000000008000b3c                RCC_BackupResetCmd
                0x0000000008000b60                RCC_AHBPeriphClockCmd
                0x0000000008000b78                RCC_APB2PeriphClockCmd
                0x0000000008000b90                RCC_APB1PeriphClockCmd
                0x0000000008000ba8                RCC_AHBPeriphResetCmd
                0x0000000008000bc0                RCC_APB2PeriphResetCmd
                0x0000000008000bd8                RCC_APB1PeriphResetCmd
                0x0000000008000bf0                RCC_ITConfig
                0x0000000008000c08                RCC_GetFlagStatus
                0x0000000008000c44                RCC_WaitForHSEStartUp
                0x0000000008000c78                RCC_ClearFlag
                0x0000000008000c8c                RCC_GetITStatus
                0x0000000008000ca0                RCC_ClearITPendingBit
 .text          0x0000000008000cac       0x9c /usr/lib/gcc/arm-none-eabi/4.9.2/armv6-m/libgcc.a(_udivsi3.o)
                0x0000000008000cac                __udivsi3
                0x0000000008000cac                __aeabi_uidiv
                0x0000000008000d34                __aeabi_uidivmod
 .text          0x0000000008000d48        0x4 /usr/lib/gcc/arm-none-eabi/4.9.2/armv6-m/libgcc.a(_dvmd_tls.o)
                0x0000000008000d48                __aeabi_ldiv0
                0x0000000008000d48                __aeabi_idiv0
 .text          0x0000000008000d4c       0x48 /usr/lib/gcc/arm-none-eabi/4.9.2/../../../../arm-none-eabi/lib/armv6-m/libg.a(lib_a-init.o)
                0x0000000008000d4c                __libc_init_array
 *(.text.*)
 .text.USART2_IRQHandler
                0x0000000008000d94       0x14 /tmp/cccDiGcs.o
                0x0000000008000d94                USART2_IRQHandler
 .text.SysTick_Handler
                0x0000000008000da8       0x10 /tmp/cccDiGcs.o
                0x0000000008000da8                SysTick_Handler
 .text.init_i2c
                0x0000000008000db8       0x8c /tmp/cccDiGcs.o
                0x0000000008000db8                init_i2c
 .text.I2C_WrReg
                0x0000000008000e44       0x88 /tmp/cccDiGcs.o
                0x0000000008000e44                I2C_WrReg
 .text.startup.main
                0x0000000008000ecc       0xd0 /tmp/cccDiGcs.o
                0x0000000008000ecc                main
 .text.SystemInit
                0x0000000008000f9c       0xb8 /tmp/ccdCP1NY.o
                0x0000000008000f9c                SystemInit
 .text.Reset_Handler
                0x0000000008001054       0x50 /tmp/cckY8Usv.o
                0x0000000008001054                Reset_Handler
 .text.Default_Handler
                0x00000000080010a4        0x2 /tmp/cckY8Usv.o
                0x00000000080010a4                TIM1_CC_IRQHandler
                0x00000000080010a4                HardFault_Handler
                0x00000000080010a4                ADC1_COMP_IRQHandler
                0x00000000080010a4                PVD_IRQHandler
                0x00000000080010a4                PendSV_Handler
                0x00000000080010a4                NMI_Handler
                0x00000000080010a4                I2C1_IRQHandler
                0x00000000080010a4                SPI1_IRQHandler
                0x00000000080010a4                TIM6_DAC_IRQHandler
                0x00000000080010a4                EXTI2_3_IRQHandler
                0x00000000080010a4                I2C2_IRQHandler
                0x00000000080010a4                TIM17_IRQHandler
                0x00000000080010a4                RTC_IRQHandler
                0x00000000080010a4                TIM16_IRQHandler
                0x00000000080010a4                TIM3_IRQHandler
                0x00000000080010a4                EXTI4_15_IRQHandler
                0x00000000080010a4                RCC_IRQHandler
                0x00000000080010a4                DMA1_Channel1_IRQHandler
                0x00000000080010a4                Default_Handler
                0x00000000080010a4                CEC_IRQHandler
                0x00000000080010a4                TIM14_IRQHandler
                0x00000000080010a4                DMA1_Channel4_5_IRQHandler
                0x00000000080010a4                TIM15_IRQHandler
                0x00000000080010a4                EXTI0_1_IRQHandler
                0x00000000080010a4                SPI2_IRQHandler
                0x00000000080010a4                SVC_Handler
                0x00000000080010a4                TS_IRQHandler
                0x00000000080010a4                WWDG_IRQHandler
                0x00000000080010a4                TIM2_IRQHandler
                0x00000000080010a4                DMA1_Channel2_3_IRQHandler
                0x00000000080010a4                FLASH_IRQHandler
                0x00000000080010a4                USART1_IRQHandler
                0x00000000080010a4                TIM1_BRK_UP_TRG_COM_IRQHandler
 *(.rodata)
 *fill*         0x00000000080010a6        0x2 
 .rodata        0x00000000080010a8        0x8 /tmp/cccDiGcs.o
 *(.rodata*)
 *(.glue_7)
 .glue_7        0x0000000000000000        0x0 linker stubs
 *(.glue_7t)
 .glue_7t       0x0000000000000000        0x0 linker stubs
 *(.init)
 .init          0x00000000080010b0        0x4 /usr/lib/gcc/arm-none-eabi/4.9.2/armv6-m/crti.o
                0x00000000080010b0                _init
 .init          0x00000000080010b4        0x8 /usr/lib/gcc/arm-none-eabi/4.9.2/armv6-m/crtn.o
 *(.fini)
 .fini          0x00000000080010bc        0x4 /usr/lib/gcc/arm-none-eabi/4.9.2/armv6-m/crti.o
                0x00000000080010bc                _fini
 .fini          0x00000000080010c0        0x8 /usr/lib/gcc/arm-none-eabi/4.9.2/armv6-m/crtn.o
                0x00000000080010c8                . = ALIGN (0x4)
                0x00000000080010c8                _etext = .
                0x00000000080010c8                _sidata = _etext

.vfp11_veneer   0x00000000080010c8        0x0
 .vfp11_veneer  0x0000000000000000        0x0 linker stubs

.v4_bx          0x00000000080010c8        0x0
 .v4_bx         0x0000000000000000        0x0 linker stubs

.iplt           0x00000000080010c8        0x0
 .iplt          0x0000000000000000        0x0 /usr/lib/gcc/arm-none-eabi/4.9.2/armv6-m/crtbegin.o

.rel.dyn        0x00000000080010c8        0x0
 .rel.iplt      0x0000000000000000        0x0 /usr/lib/gcc/arm-none-eabi/4.9.2/armv6-m/crtbegin.o

.data           0x0000000020000000       0x1c load address 0x00000000080010c8
                0x0000000020000000                . = ALIGN (0x4)
                0x0000000020000000                _sdata = .
                0x0000000020000000                _data = .
 *(.data)
 .data          0x0000000020000000       0x10 Libraries/libstm32f0.a(stm32f0xx_rcc.o)
 *(.data.*)
 .data.GPIOA_InitStruct
                0x0000000020000010        0x8 /tmp/cccDiGcs.o
                0x0000000020000010                GPIOA_InitStruct
 .data.SystemCoreClock
                0x0000000020000018        0x4 /tmp/ccdCP1NY.o
                0x0000000020000018                SystemCoreClock
 *(.RAMtext)
                0x000000002000001c                . = ALIGN (0x4)
                0x000000002000001c                _edata = .

.igot.plt       0x000000002000001c        0x0 load address 0x00000000080010e4
 .igot.plt      0x0000000000000000        0x0 /usr/lib/gcc/arm-none-eabi/4.9.2/armv6-m/crtbegin.o

.bss            0x000000002000001c        0x8 load address 0x00000000080010e4
                0x000000002000001c                . = ALIGN (0x4)
                0x000000002000001c                _sbss = .
                0x000000002000001c                _bss = .
 *(.bss)
 *(.bss.*)
 .bss.timercounter
                0x000000002000001c        0x4 /tmp/cccDiGcs.o
                0x000000002000001c                timercounter
 .bss.i         0x0000000020000020        0x4 /tmp/cccDiGcs.o
                0x0000000020000020                i
 *(COMMON)
                0x0000000020000024                . = ALIGN (0x4)
                0x0000000020000024                _ebss = .
                0x0000000020000024                PROVIDE (end, _ebss)
                0x0000000020000024                PROVIDE (_end, _ebss)
                0x0000000020000024                __exidx_start = .
                0x0000000020000024                __exidx_end = .

/DISCARD/
 libc.a(*)
 libm.a(*)
 libgcc.a(*)

.stab
 *(.stab)

.stabstr
 *(.stabstr)

.stab.excl
 *(.stab.excl)

.stab.exclstr
 *(.stab.exclstr)

.stab.index
 *(.stab.index)

.stab.indexstr
 *(.stab.indexstr)

.comment        0x0000000000000000       0x42
 *(.comment)
 .comment       0x0000000000000000       0x21 /tmp/cccDiGcs.o
                                         0x22 (size before relaxing)
 .comment       0x0000000000000000       0x22 /tmp/ccdCP1NY.o
 .comment       0x0000000000000000       0x22 Libraries/libstm32f0.a(stm32f0xx_gpio.o)
 .comment       0x0000000000000000       0x22 Libraries/libstm32f0.a(stm32f0xx_i2c.o)
 .comment       0x0000000000000000       0x22 Libraries/libstm32f0.a(stm32f0xx_rcc.o)
 .comment       0x0000000000000021       0x21 /usr/lib/gcc/arm-none-eabi/4.9.2/../../../../arm-none-eabi/lib/armv6-m/libg.a(lib_a-init.o)
                                         0x22 (size before relaxing)

.ARM.attributes
                0x0000000000000000       0x28
 .ARM.attributes
                0x0000000000000000       0x1e /usr/lib/gcc/arm-none-eabi/4.9.2/armv6-m/crti.o
 .ARM.attributes
                0x000000000000001e       0x31 /tmp/cccDiGcs.o
 .ARM.attributes
                0x000000000000004f       0x31 /tmp/ccdCP1NY.o
 .ARM.attributes
                0x0000000000000080       0x21 /tmp/cckY8Usv.o
 .ARM.attributes
                0x00000000000000a1       0x31 Libraries/libstm32f0.a(stm32f0xx_gpio.o)
 .ARM.attributes
                0x00000000000000d2       0x31 Libraries/libstm32f0.a(stm32f0xx_i2c.o)
 .ARM.attributes
                0x0000000000000103       0x31 Libraries/libstm32f0.a(stm32f0xx_rcc.o)
 .ARM.attributes
                0x0000000000000134       0x1e /usr/lib/gcc/arm-none-eabi/4.9.2/armv6-m/libgcc.a(_udivsi3.o)
 .ARM.attributes
                0x0000000000000152       0x1e /usr/lib/gcc/arm-none-eabi/4.9.2/armv6-m/libgcc.a(_dvmd_tls.o)
 .ARM.attributes
                0x0000000000000170       0x2c /usr/lib/gcc/arm-none-eabi/4.9.2/../../../../arm-none-eabi/lib/armv6-m/libg.a(lib_a-init.o)
 .ARM.attributes
                0x000000000000019c       0x1e /usr/lib/gcc/arm-none-eabi/4.9.2/armv6-m/crtn.o

.debug
 *(.debug)

.line
 *(.line)

.debug_srcinfo
 *(.debug_srcinfo)

.debug_sfnames
 *(.debug_sfnames)

.debug_aranges  0x0000000000000000      0x158
 *(.debug_aranges)
 .debug_aranges
                0x0000000000000000       0x48 /tmp/cccDiGcs.o
 .debug_aranges
                0x0000000000000048       0x28 /tmp/ccdCP1NY.o
 .debug_aranges
                0x0000000000000070       0x28 /tmp/cckY8Usv.o
 .debug_aranges
                0x0000000000000098       0x20 Libraries/libstm32f0.a(stm32f0xx_gpio.o)
 .debug_aranges
                0x00000000000000b8       0x20 Libraries/libstm32f0.a(stm32f0xx_i2c.o)
 .debug_aranges
                0x00000000000000d8       0x20 Libraries/libstm32f0.a(stm32f0xx_rcc.o)
 .debug_aranges
                0x00000000000000f8       0x20 /usr/lib/gcc/arm-none-eabi/4.9.2/armv6-m/libgcc.a(_udivsi3.o)
 .debug_aranges
                0x0000000000000118       0x20 /usr/lib/gcc/arm-none-eabi/4.9.2/armv6-m/libgcc.a(_dvmd_tls.o)
 .debug_aranges
                0x0000000000000138       0x20 /usr/lib/gcc/arm-none-eabi/4.9.2/../../../../arm-none-eabi/lib/armv6-m/libg.a(lib_a-init.o)

.debug_pubnames
 *(.debug_pubnames)

.debug_info     0x0000000000000000     0x3002
 *(.debug_info .gnu.linkonce.wi.*)
 .debug_info    0x0000000000000000      0xdf6 /tmp/cccDiGcs.o
 .debug_info    0x0000000000000df6      0x2c3 /tmp/ccdCP1NY.o
 .debug_info    0x00000000000010b9       0x6c /tmp/cckY8Usv.o
 .debug_info    0x0000000000001125      0x6ca Libraries/libstm32f0.a(stm32f0xx_gpio.o)
 .debug_info    0x00000000000017ef      0xbf2 Libraries/libstm32f0.a(stm32f0xx_i2c.o)
 .debug_info    0x00000000000023e1      0x9a2 Libraries/libstm32f0.a(stm32f0xx_rcc.o)
 .debug_info    0x0000000000002d83       0xbd /usr/lib/gcc/arm-none-eabi/4.9.2/armv6-m/libgcc.a(_udivsi3.o)
 .debug_info    0x0000000000002e40       0xbd /usr/lib/gcc/arm-none-eabi/4.9.2/armv6-m/libgcc.a(_dvmd_tls.o)
 .debug_info    0x0000000000002efd      0x105 /usr/lib/gcc/arm-none-eabi/4.9.2/../../../../arm-none-eabi/lib/armv6-m/libg.a(lib_a-init.o)

.debug_abbrev   0x0000000000000000      0xa94
 *(.debug_abbrev)
 .debug_abbrev  0x0000000000000000      0x2cb /tmp/cccDiGcs.o
 .debug_abbrev  0x00000000000002cb      0x12f /tmp/ccdCP1NY.o
 .debug_abbrev  0x00000000000003fa       0x12 /tmp/cckY8Usv.o
 .debug_abbrev  0x000000000000040c      0x1c7 Libraries/libstm32f0.a(stm32f0xx_gpio.o)
 .debug_abbrev  0x00000000000005d3      0x1af Libraries/libstm32f0.a(stm32f0xx_i2c.o)
 .debug_abbrev  0x0000000000000782      0x230 Libraries/libstm32f0.a(stm32f0xx_rcc.o)
 .debug_abbrev  0x00000000000009b2       0x14 /usr/lib/gcc/arm-none-eabi/4.9.2/armv6-m/libgcc.a(_udivsi3.o)
 .debug_abbrev  0x00000000000009c6       0x14 /usr/lib/gcc/arm-none-eabi/4.9.2/armv6-m/libgcc.a(_dvmd_tls.o)
 .debug_abbrev  0x00000000000009da       0xba /usr/lib/gcc/arm-none-eabi/4.9.2/../../../../arm-none-eabi/lib/armv6-m/libg.a(lib_a-init.o)

.debug_line     0x0000000000000000      0xc97
 *(.debug_line)
 .debug_line    0x0000000000000000      0x229 /tmp/cccDiGcs.o
 .debug_line    0x0000000000000229       0xf3 /tmp/ccdCP1NY.o
 .debug_line    0x000000000000031c       0x7d /tmp/cckY8Usv.o
 .debug_line    0x0000000000000399      0x1a4 Libraries/libstm32f0.a(stm32f0xx_gpio.o)
 .debug_line    0x000000000000053d      0x2bd Libraries/libstm32f0.a(stm32f0xx_i2c.o)
 .debug_line    0x00000000000007fa      0x2fe Libraries/libstm32f0.a(stm32f0xx_rcc.o)
 .debug_line    0x0000000000000af8       0x7c /usr/lib/gcc/arm-none-eabi/4.9.2/armv6-m/libgcc.a(_udivsi3.o)
 .debug_line    0x0000000000000b74       0x64 /usr/lib/gcc/arm-none-eabi/4.9.2/armv6-m/libgcc.a(_dvmd_tls.o)
 .debug_line    0x0000000000000bd8       0xbf /usr/lib/gcc/arm-none-eabi/4.9.2/../../../../arm-none-eabi/lib/armv6-m/libg.a(lib_a-init.o)

.debug_frame    0x0000000000000000      0x7cc
 *(.debug_frame)
 .debug_frame   0x0000000000000000       0xb0 /tmp/cccDiGcs.o
 .debug_frame   0x00000000000000b0       0x48 /tmp/ccdCP1NY.o
 .debug_frame   0x00000000000000f8      0x110 Libraries/libstm32f0.a(stm32f0xx_gpio.o)
 .debug_frame   0x0000000000000208      0x2d8 Libraries/libstm32f0.a(stm32f0xx_i2c.o)
 .debug_frame   0x00000000000004e0      0x2a0 Libraries/libstm32f0.a(stm32f0xx_rcc.o)
 .debug_frame   0x0000000000000780       0x20 /usr/lib/gcc/arm-none-eabi/4.9.2/armv6-m/libgcc.a(_udivsi3.o)
 .debug_frame   0x00000000000007a0       0x2c /usr/lib/gcc/arm-none-eabi/4.9.2/../../../../arm-none-eabi/lib/armv6-m/libg.a(lib_a-init.o)

.debug_str      0x0000000000000000     0x1419
 *(.debug_str)
 .debug_str     0x0000000000000000      0x876 /tmp/cccDiGcs.o
                                        0x8a5 (size before relaxing)
 .debug_str     0x0000000000000876       0xe9 /tmp/ccdCP1NY.o
                                        0x252 (size before relaxing)
 .debug_str     0x000000000000095f      0x1c4 Libraries/libstm32f0.a(stm32f0xx_gpio.o)
                                        0x46f (size before relaxing)
 .debug_str     0x0000000000000b23      0x373 Libraries/libstm32f0.a(stm32f0xx_i2c.o)
                                        0x60e (size before relaxing)
 .debug_str     0x0000000000000e96      0x44b Libraries/libstm32f0.a(stm32f0xx_rcc.o)
                                        0x6e2 (size before relaxing)
 .debug_str     0x00000000000012e1      0x138 /usr/lib/gcc/arm-none-eabi/4.9.2/../../../../arm-none-eabi/lib/armv6-m/libg.a(lib_a-init.o)
                                        0x1ca (size before relaxing)

.debug_loc      0x0000000000000000     0x1450
 *(.debug_loc)
 .debug_loc     0x0000000000000000       0xdd /tmp/cccDiGcs.o
 .debug_loc     0x00000000000000dd       0xe7 /tmp/ccdCP1NY.o
 .debug_loc     0x00000000000001c4      0x38e Libraries/libstm32f0.a(stm32f0xx_gpio.o)
 .debug_loc     0x0000000000000552      0x620 Libraries/libstm32f0.a(stm32f0xx_i2c.o)
 .debug_loc     0x0000000000000b72      0x85a Libraries/libstm32f0.a(stm32f0xx_rcc.o)
 .debug_loc     0x00000000000013cc       0x84 /usr/lib/gcc/arm-none-eabi/4.9.2/../../../../arm-none-eabi/lib/armv6-m/libg.a(lib_a-init.o)

.debug_macinfo
 *(.debug_macinfo)

.debug_weaknames
 *(.debug_weaknames)

.debug_funcnames
 *(.debug_funcnames)

.debug_typenames
 *(.debug_typenames)

.debug_varnames
 *(.debug_varnames)
OUTPUT(main.elf elf32-littlearm)

.debug_ranges   0x0000000000000000       0x88
 .debug_ranges  0x0000000000000000       0x38 /tmp/cccDiGcs.o
 .debug_ranges  0x0000000000000038       0x30 /tmp/ccdCP1NY.o
 .debug_ranges  0x0000000000000068       0x20 /tmp/cckY8Usv.o
